This is pdfTeX, Version 3.141592653-2.6-1.40.28 (TeX Live 2025) (preloaded format=pdflatex 2026.1.21)  17 SEP 2026 14:49
entering extended mode
 restricted \write18 enabled.
 %&-line parsing enabled.
**"C:/Users/Redux Gamer/OneDrive/Documents/studie/mlarpis/mlarpis/00_exercises/01_latex/diff.tex"
(c:/Users/Redux Gamer/OneDrive/Documents/studie/mlarpis/mlarpis/00_exercises/01_latex/diff.tex
LaTeX2e <2025-11-01>
L3 programming layer <2026-01-10>
(c:/ProgramData/TinyTeX/texmf-dist/tex/latex/tools/shellesc.sty
Package: shellesc 2023/07/08 v1.0d unified shell escape interface for LaTeX
Package shellesc Info: Restricted shell escape enabled on input line 77.
)
runsystem(latexdiff main.tex main2.tex > main-d.tex)...disabled (restricted).


! LaTeX Error: File `main-d.tex' not found.

Type X to quit or <RETURN> to proceed,
or enter new name. (Default extension: tex)

Enter file name: 
! Emergency stop.
<read *> 
         
l.3 \input{main-d}
                  ^^M
*** (cannot \read from terminal in nonstop modes)

 
Here is how much of TeX's memory you used:
 44 strings out of 469512
 1372 string characters out of 5469631
 433759 words of memory out of 5000000
 28792 multiletter control sequences out of 15000+600000
 627721 words of font info for 40 fonts, out of 8000000 for 9000
 14 hyphenation exceptions out of 8191
 27i,0n,37p,237b,17s stack positions out of 10000i,1000n,20000p,200000b,200000s
!  ==> Fatal error occurred, no output PDF file produced!
